[2023-05-17T18:34:29.587+0900][gc,heap] Heap region size: 1M
[2023-05-17T18:34:29.589+0900][gc     ] Using G1
[2023-05-17T18:34:29.590+0900][gc,heap,coops] Heap address: 0x0000000780000000, size: 1024 MB, Compressed Oops mode: Zero based, Oop shift amount: 3
[2023-05-17T18:34:30.483+0900][gc,start     ] GC(0) Pause Young (Concurrent Start) (Metadata GC Threshold)
[2023-05-17T18:34:30.483+0900][gc,task      ] GC(0) Using 8 workers of 8 for evacuation
[2023-05-17T18:34:30.488+0900][gc,phases    ] GC(0)   Pre Evacuate Collection Set: 0.0ms
[2023-05-17T18:34:30.488+0900][gc,phases    ] GC(0)   Evacuate Collection Set: 4.8ms
[2023-05-17T18:34:30.488+0900][gc,phases    ] GC(0)   Post Evacuate Collection Set: 0.2ms
[2023-05-17T18:34:30.488+0900][gc,phases    ] GC(0)   Other: 0.5ms
[2023-05-17T18:34:30.488+0900][gc,heap      ] GC(0) Eden regions: 48->0(44)
[2023-05-17T18:34:30.488+0900][gc,heap      ] GC(0) Survivor regions: 0->7(7)
[2023-05-17T18:34:30.488+0900][gc,heap      ] GC(0) Old regions: 0->0
[2023-05-17T18:34:30.488+0900][gc,heap      ] GC(0) Humongous regions: 0->0
[2023-05-17T18:34:30.488+0900][gc,metaspace ] GC(0) Metaspace: 20686K(21248K)->20686K(21248K) NonClass: 18397K(18688K)->18397K(18688K) Class: 2288K(2560K)->2288K(2560K)
[2023-05-17T18:34:30.488+0900][gc           ] GC(0) Pause Young (Concurrent Start) (Metadata GC Threshold) 47M->6M(1024M) 5.682ms
[2023-05-17T18:34:30.488+0900][gc,cpu       ] GC(0) User=0.01s Sys=0.00s Real=0.00s
[2023-05-17T18:34:30.488+0900][gc           ] GC(1) Concurrent Cycle
[2023-05-17T18:34:30.489+0900][gc,marking   ] GC(1) Concurrent Clear Claimed Marks
[2023-05-17T18:34:30.489+0900][gc,marking   ] GC(1) Concurrent Clear Claimed Marks 0.015ms
[2023-05-17T18:34:30.489+0900][gc,marking   ] GC(1) Concurrent Scan Root Regions
[2023-05-17T18:34:30.490+0900][gc,marking   ] GC(1) Concurrent Scan Root Regions 1.683ms
[2023-05-17T18:34:30.490+0900][gc,marking   ] GC(1) Concurrent Mark (0.909s)
[2023-05-17T18:34:30.490+0900][gc,marking   ] GC(1) Concurrent Mark From Roots
[2023-05-17T18:34:30.490+0900][gc,task      ] GC(1) Using 2 workers of 2 for marking
[2023-05-17T18:34:30.490+0900][gc,marking   ] GC(1) Concurrent Mark From Roots 0.118ms
[2023-05-17T18:34:30.490+0900][gc,marking   ] GC(1) Concurrent Preclean
[2023-05-17T18:34:30.490+0900][gc,marking   ] GC(1) Concurrent Preclean 0.021ms
[2023-05-17T18:34:30.490+0900][gc,marking   ] GC(1) Concurrent Mark (0.909s, 0.909s) 0.174ms
[2023-05-17T18:34:30.490+0900][gc,start     ] GC(1) Pause Remark
[2023-05-17T18:34:30.492+0900][gc,stringtable] GC(1) Cleaned string and symbol table, strings: 7386 processed, 0 removed, symbols: 64973 processed, 31 removed
[2023-05-17T18:34:30.492+0900][gc            ] GC(1) Pause Remark 7M->7M(1024M) 1.188ms
[2023-05-17T18:34:30.492+0900][gc,cpu        ] GC(1) User=0.01s Sys=0.01s Real=0.00s
[2023-05-17T18:34:30.492+0900][gc,marking    ] GC(1) Concurrent Rebuild Remembered Sets
[2023-05-17T18:34:30.492+0900][gc,marking    ] GC(1) Concurrent Rebuild Remembered Sets 0.031ms
[2023-05-17T18:34:30.492+0900][gc,start      ] GC(1) Pause Cleanup
[2023-05-17T18:34:30.492+0900][gc            ] GC(1) Pause Cleanup 7M->7M(1024M) 0.072ms
[2023-05-17T18:34:30.492+0900][gc,cpu        ] GC(1) User=0.00s Sys=0.00s Real=0.00s
[2023-05-17T18:34:30.492+0900][gc,marking    ] GC(1) Concurrent Cleanup for Next Mark
[2023-05-17T18:34:30.493+0900][gc,marking    ] GC(1) Concurrent Cleanup for Next Mark 1.576ms
[2023-05-17T18:34:30.494+0900][gc            ] GC(1) Concurrent Cycle 5.016ms
[2023-05-17T18:34:31.106+0900][gc,start      ] GC(2) Pause Young (Normal) (G1 Evacuation Pause)
[2023-05-17T18:34:31.106+0900][gc,task       ] GC(2) Using 8 workers of 8 for evacuation
[2023-05-17T18:34:31.111+0900][gc,phases     ] GC(2)   Pre Evacuate Collection Set: 0.0ms
[2023-05-17T18:34:31.111+0900][gc,phases     ] GC(2)   Evacuate Collection Set: 4.7ms
[2023-05-17T18:34:31.111+0900][gc,phases     ] GC(2)   Post Evacuate Collection Set: 0.2ms
[2023-05-17T18:34:31.111+0900][gc,phases     ] GC(2)   Other: 0.1ms
[2023-05-17T18:34:31.111+0900][gc,heap       ] GC(2) Eden regions: 44->0(49)
[2023-05-17T18:34:31.111+0900][gc,heap       ] GC(2) Survivor regions: 7->2(7)
[2023-05-17T18:34:31.111+0900][gc,heap       ] GC(2) Old regions: 0->7
[2023-05-17T18:34:31.111+0900][gc,heap       ] GC(2) Humongous regions: 129->129
[2023-05-17T18:34:31.111+0900][gc,metaspace  ] GC(2) Metaspace: 29246K(30208K)->29246K(30208K) NonClass: 25834K(26368K)->25834K(26368K) Class: 3412K(3840K)->3412K(3840K)
[2023-05-17T18:34:31.111+0900][gc            ] GC(2) Pause Young (Normal) (G1 Evacuation Pause) 179M->137M(1024M) 5.156ms
[2023-05-17T18:34:31.111+0900][gc,cpu        ] GC(2) User=0.02s Sys=0.00s Real=0.01s
[2023-05-17T18:34:31.406+0900][gc,start      ] GC(3) Pause Young (Concurrent Start) (Metadata GC Threshold)
[2023-05-17T18:34:31.406+0900][gc,task       ] GC(3) Using 8 workers of 8 for evacuation
[2023-05-17T18:34:31.408+0900][gc,phases     ] GC(3)   Pre Evacuate Collection Set: 0.0ms
[2023-05-17T18:34:31.408+0900][gc,phases     ] GC(3)   Evacuate Collection Set: 2.3ms
[2023-05-17T18:34:31.408+0900][gc,phases     ] GC(3)   Post Evacuate Collection Set: 0.1ms
[2023-05-17T18:34:31.408+0900][gc,phases     ] GC(3)   Other: 0.2ms
[2023-05-17T18:34:31.408+0900][gc,heap       ] GC(3) Eden regions: 31->0(47)
[2023-05-17T18:34:31.408+0900][gc,heap       ] GC(3) Survivor regions: 2->4(7)
[2023-05-17T18:34:31.408+0900][gc,heap       ] GC(3) Old regions: 7->7
[2023-05-17T18:34:31.408+0900][gc,heap       ] GC(3) Humongous regions: 129->129
[2023-05-17T18:34:31.408+0900][gc,metaspace  ] GC(3) Metaspace: 34826K(35840K)->34826K(35840K) NonClass: 30898K(31488K)->30898K(31488K) Class: 3928K(4352K)->3928K(4352K)
[2023-05-17T18:34:31.408+0900][gc            ] GC(3) Pause Young (Concurrent Start) (Metadata GC Threshold) 168M->138M(1024M) 2.707ms
[2023-05-17T18:34:31.408+0900][gc,cpu        ] GC(3) User=0.02s Sys=0.00s Real=0.00s
[2023-05-17T18:34:31.408+0900][gc            ] GC(4) Concurrent Cycle
[2023-05-17T18:34:31.408+0900][gc,marking    ] GC(4) Concurrent Clear Claimed Marks
[2023-05-17T18:34:31.408+0900][gc,marking    ] GC(4) Concurrent Clear Claimed Marks 0.023ms
[2023-05-17T18:34:31.408+0900][gc,marking    ] GC(4) Concurrent Scan Root Regions
[2023-05-17T18:34:31.409+0900][gc,marking    ] GC(4) Concurrent Scan Root Regions 1.108ms
[2023-05-17T18:34:31.409+0900][gc,marking    ] GC(4) Concurrent Mark (1.828s)
[2023-05-17T18:34:31.409+0900][gc,marking    ] GC(4) Concurrent Mark From Roots
[2023-05-17T18:34:31.409+0900][gc,task       ] GC(4) Using 2 workers of 2 for marking
[2023-05-17T18:34:31.415+0900][gc,marking    ] GC(4) Concurrent Mark From Roots 5.192ms
[2023-05-17T18:34:31.415+0900][gc,marking    ] GC(4) Concurrent Preclean
[2023-05-17T18:34:31.415+0900][gc,marking    ] GC(4) Concurrent Preclean 0.040ms
[2023-05-17T18:34:31.415+0900][gc,marking    ] GC(4) Concurrent Mark (1.828s, 1.833s) 5.276ms
[2023-05-17T18:34:31.415+0900][gc,start      ] GC(4) Pause Remark
[2023-05-17T18:34:31.416+0900][gc,stringtable] GC(4) Cleaned string and symbol table, strings: 11341 processed, 11 removed, symbols: 96828 processed, 23 removed
[2023-05-17T18:34:31.417+0900][gc            ] GC(4) Pause Remark 139M->139M(1024M) 1.750ms
[2023-05-17T18:34:31.417+0900][gc,cpu        ] GC(4) User=0.01s Sys=0.00s Real=0.00s
[2023-05-17T18:34:31.417+0900][gc,marking    ] GC(4) Concurrent Rebuild Remembered Sets
[2023-05-17T18:34:31.419+0900][gc,marking    ] GC(4) Concurrent Rebuild Remembered Sets 2.593ms
[2023-05-17T18:34:31.419+0900][gc,start      ] GC(4) Pause Cleanup
[2023-05-17T18:34:31.420+0900][gc            ] GC(4) Pause Cleanup 139M->139M(1024M) 0.117ms
[2023-05-17T18:34:31.420+0900][gc,cpu        ] GC(4) User=0.00s Sys=0.00s Real=0.01s
[2023-05-17T18:34:31.420+0900][gc,marking    ] GC(4) Concurrent Cleanup for Next Mark
[2023-05-17T18:34:31.421+0900][gc,marking    ] GC(4) Concurrent Cleanup for Next Mark 1.895ms
[2023-05-17T18:34:31.421+0900][gc            ] GC(4) Concurrent Cycle 13.171ms
[2023-05-17T18:34:33.703+0900][gc,start      ] GC(5) Pause Young (Normal) (G1 Evacuation Pause)
[2023-05-17T18:34:33.703+0900][gc,task       ] GC(5) Using 8 workers of 8 for evacuation
[2023-05-17T18:34:33.709+0900][gc,phases     ] GC(5)   Pre Evacuate Collection Set: 0.1ms
[2023-05-17T18:34:33.709+0900][gc,phases     ] GC(5)   Evacuate Collection Set: 5.5ms
[2023-05-17T18:34:33.709+0900][gc,phases     ] GC(5)   Post Evacuate Collection Set: 0.4ms
[2023-05-17T18:34:33.709+0900][gc,phases     ] GC(5)   Other: 0.5ms
[2023-05-17T18:34:33.709+0900][gc,heap       ] GC(5) Eden regions: 47->0(44)
[2023-05-17T18:34:33.710+0900][gc,heap       ] GC(5) Survivor regions: 4->7(7)
[2023-05-17T18:34:33.710+0900][gc,heap       ] GC(5) Old regions: 7->7
[2023-05-17T18:34:33.710+0900][gc,heap       ] GC(5) Humongous regions: 129->129
[2023-05-17T18:34:33.710+0900][gc,metaspace  ] GC(5) Metaspace: 42638K(44160K)->42638K(44160K) NonClass: 37795K(38656K)->37795K(38656K) Class: 4843K(5504K)->4843K(5504K)
[2023-05-17T18:34:33.710+0900][gc            ] GC(5) Pause Young (Normal) (G1 Evacuation Pause) 185M->142M(1024M) 6.618ms
[2023-05-17T18:34:33.710+0900][gc,cpu        ] GC(5) User=0.02s Sys=0.00s Real=0.01s
[2023-05-17T18:35:49.062+0900][gc,start      ] GC(6) Pause Young (Normal) (G1 Evacuation Pause)
[2023-05-17T18:35:49.063+0900][gc,task       ] GC(6) Using 8 workers of 8 for evacuation
[2023-05-17T18:35:49.073+0900][gc,phases     ] GC(6)   Pre Evacuate Collection Set: 0.4ms
[2023-05-17T18:35:49.073+0900][gc,phases     ] GC(6)   Evacuate Collection Set: 9.6ms
[2023-05-17T18:35:49.073+0900][gc,phases     ] GC(6)   Post Evacuate Collection Set: 0.4ms
[2023-05-17T18:35:49.073+0900][gc,phases     ] GC(6)   Other: 0.8ms
[2023-05-17T18:35:49.073+0900][gc,heap       ] GC(6) Eden regions: 44->0(47)
[2023-05-17T18:35:49.073+0900][gc,heap       ] GC(6) Survivor regions: 7->4(7)
[2023-05-17T18:35:49.073+0900][gc,heap       ] GC(6) Old regions: 7->10
[2023-05-17T18:35:49.073+0900][gc,heap       ] GC(6) Humongous regions: 129->129
[2023-05-17T18:35:49.073+0900][gc,metaspace  ] GC(6) Metaspace: 43695K(45312K)->43695K(45312K) NonClass: 38780K(39680K)->38780K(39680K) Class: 4915K(5632K)->4915K(5632K)
[2023-05-17T18:35:49.073+0900][gc            ] GC(6) Pause Young (Normal) (G1 Evacuation Pause) 186M->142M(1024M) 11.372ms
[2023-05-17T18:35:49.074+0900][gc,cpu        ] GC(6) User=0.03s Sys=0.02s Real=0.01s
[2023-05-17T18:37:17.854+0900][gc,start      ] GC(7) Pause Young (Normal) (G1 Evacuation Pause)
[2023-05-17T18:37:17.854+0900][gc,task       ] GC(7) Using 8 workers of 8 for evacuation
[2023-05-17T18:37:17.867+0900][gc,phases     ] GC(7)   Pre Evacuate Collection Set: 0.5ms
[2023-05-17T18:37:17.867+0900][gc,phases     ] GC(7)   Evacuate Collection Set: 10.2ms
[2023-05-17T18:37:17.867+0900][gc,phases     ] GC(7)   Post Evacuate Collection Set: 1.0ms
[2023-05-17T18:37:17.867+0900][gc,phases     ] GC(7)   Other: 1.2ms
[2023-05-17T18:37:17.867+0900][gc,heap       ] GC(7) Eden regions: 47->0(47)
[2023-05-17T18:37:17.867+0900][gc,heap       ] GC(7) Survivor regions: 4->4(7)
[2023-05-17T18:37:17.867+0900][gc,heap       ] GC(7) Old regions: 10->10
[2023-05-17T18:37:17.867+0900][gc,heap       ] GC(7) Humongous regions: 129->129
[2023-05-17T18:37:17.867+0900][gc,metaspace  ] GC(7) Metaspace: 43755K(45312K)->43755K(45312K) NonClass: 38839K(39680K)->38839K(39680K) Class: 4915K(5632K)->4915K(5632K)
[2023-05-17T18:37:17.867+0900][gc            ] GC(7) Pause Young (Normal) (G1 Evacuation Pause) 189M->142M(1024M) 13.036ms
[2023-05-17T18:37:17.867+0900][gc,cpu        ] GC(7) User=0.02s Sys=0.02s Real=0.01s
[2023-05-17T18:38:49.789+0900][gc,start      ] GC(8) Pause Young (Normal) (G1 Evacuation Pause)
[2023-05-17T18:38:49.790+0900][gc,task       ] GC(8) Using 8 workers of 8 for evacuation
[2023-05-17T18:38:49.803+0900][gc,phases     ] GC(8)   Pre Evacuate Collection Set: 0.5ms
[2023-05-17T18:38:49.803+0900][gc,phases     ] GC(8)   Evacuate Collection Set: 11.0ms
[2023-05-17T18:38:49.803+0900][gc,phases     ] GC(8)   Post Evacuate Collection Set: 0.6ms
[2023-05-17T18:38:49.803+0900][gc,phases     ] GC(8)   Other: 1.9ms
[2023-05-17T18:38:49.803+0900][gc,heap       ] GC(8) Eden regions: 47->0(47)
[2023-05-17T18:38:49.803+0900][gc,heap       ] GC(8) Survivor regions: 4->4(7)
[2023-05-17T18:38:49.803+0900][gc,heap       ] GC(8) Old regions: 10->10
[2023-05-17T18:38:49.803+0900][gc,heap       ] GC(8) Humongous regions: 129->129
[2023-05-17T18:38:49.803+0900][gc,metaspace  ] GC(8) Metaspace: 43789K(45312K)->43789K(45312K) NonClass: 38872K(39680K)->38872K(39680K) Class: 4916K(5632K)->4916K(5632K)
[2023-05-17T18:38:49.803+0900][gc            ] GC(8) Pause Young (Normal) (G1 Evacuation Pause) 189M->142M(1024M) 14.243ms
[2023-05-17T18:38:49.803+0900][gc,cpu        ] GC(8) User=0.02s Sys=0.02s Real=0.02s
[2023-05-17T18:40:23.572+0900][gc,start      ] GC(9) Pause Young (Normal) (G1 Evacuation Pause)
[2023-05-17T18:40:23.572+0900][gc,task       ] GC(9) Using 8 workers of 8 for evacuation
[2023-05-17T18:40:23.577+0900][gc,phases     ] GC(9)   Pre Evacuate Collection Set: 0.2ms
[2023-05-17T18:40:23.577+0900][gc,phases     ] GC(9)   Evacuate Collection Set: 4.6ms
[2023-05-17T18:40:23.577+0900][gc,phases     ] GC(9)   Post Evacuate Collection Set: 0.2ms
[2023-05-17T18:40:23.577+0900][gc,phases     ] GC(9)   Other: 0.5ms
[2023-05-17T18:40:23.577+0900][gc,heap       ] GC(9) Eden regions: 47->0(47)
[2023-05-17T18:40:23.577+0900][gc,heap       ] GC(9) Survivor regions: 4->4(7)
[2023-05-17T18:40:23.577+0900][gc,heap       ] GC(9) Old regions: 10->10
[2023-05-17T18:40:23.577+0900][gc,heap       ] GC(9) Humongous regions: 129->129
[2023-05-17T18:40:23.577+0900][gc,metaspace  ] GC(9) Metaspace: 43843K(45312K)->43843K(45312K) NonClass: 38918K(39680K)->38918K(39680K) Class: 4924K(5632K)->4924K(5632K)
[2023-05-17T18:40:23.577+0900][gc            ] GC(9) Pause Young (Normal) (G1 Evacuation Pause) 189M->142M(1024M) 5.639ms
[2023-05-17T18:40:23.577+0900][gc,cpu        ] GC(9) User=0.01s Sys=0.01s Real=0.00s
[2023-05-17T18:40:33.966+0900][gc,heap,exit  ] Heap
[2023-05-17T18:40:33.966+0900][gc,heap,exit  ]  garbage-first heap   total 1048576K, used 158006K [0x0000000780000000, 0x00000007c0000000)
[2023-05-17T18:40:33.966+0900][gc,heap,exit  ]   region size 1024K, 18 young (18432K), 4 survivors (4096K)
[2023-05-17T18:40:33.966+0900][gc,heap,exit  ]  Metaspace       used 44508K, capacity 46101K, committed 46336K, reserved 1089536K
[2023-05-17T18:40:33.966+0900][gc,heap,exit  ]   class space    used 5098K, capacity 5831K, committed 5888K, reserved 1048576K
