[2023-05-17T18:20:35.413+0900][gc,heap] Heap region size: 1M
[2023-05-17T18:20:35.415+0900][gc     ] Using G1
[2023-05-17T18:20:35.415+0900][gc,heap,coops] Heap address: 0x0000000780000000, size: 1024 MB, Compressed Oops mode: Zero based, Oop shift amount: 3
[2023-05-17T18:20:36.187+0900][gc,start     ] GC(0) Pause Young (Concurrent Start) (Metadata GC Threshold)
[2023-05-17T18:20:36.187+0900][gc,task      ] GC(0) Using 8 workers of 8 for evacuation
[2023-05-17T18:20:36.193+0900][gc,phases    ] GC(0)   Pre Evacuate Collection Set: 0.0ms
[2023-05-17T18:20:36.193+0900][gc,phases    ] GC(0)   Evacuate Collection Set: 5.4ms
[2023-05-17T18:20:36.193+0900][gc,phases    ] GC(0)   Post Evacuate Collection Set: 0.4ms
[2023-05-17T18:20:36.193+0900][gc,phases    ] GC(0)   Other: 0.6ms
[2023-05-17T18:20:36.193+0900][gc,heap      ] GC(0) Eden regions: 48->0(44)
[2023-05-17T18:20:36.193+0900][gc,heap      ] GC(0) Survivor regions: 0->7(7)
[2023-05-17T18:20:36.193+0900][gc,heap      ] GC(0) Old regions: 0->0
[2023-05-17T18:20:36.194+0900][gc,heap      ] GC(0) Humongous regions: 0->0
[2023-05-17T18:20:36.194+0900][gc,metaspace ] GC(0) Metaspace: 20683K(21248K)->20683K(21248K) NonClass: 18394K(18688K)->18394K(18688K) Class: 2288K(2560K)->2288K(2560K)
[2023-05-17T18:20:36.194+0900][gc           ] GC(0) Pause Young (Concurrent Start) (Metadata GC Threshold) 47M->6M(1024M) 6.445ms
[2023-05-17T18:20:36.194+0900][gc,cpu       ] GC(0) User=0.02s Sys=0.00s Real=0.01s
[2023-05-17T18:20:36.194+0900][gc           ] GC(1) Concurrent Cycle
[2023-05-17T18:20:36.194+0900][gc,marking   ] GC(1) Concurrent Clear Claimed Marks
[2023-05-17T18:20:36.194+0900][gc,marking   ] GC(1) Concurrent Clear Claimed Marks 0.017ms
[2023-05-17T18:20:36.194+0900][gc,marking   ] GC(1) Concurrent Scan Root Regions
[2023-05-17T18:20:36.195+0900][gc,marking   ] GC(1) Concurrent Scan Root Regions 1.629ms
[2023-05-17T18:20:36.195+0900][gc,marking   ] GC(1) Concurrent Mark (0.787s)
[2023-05-17T18:20:36.195+0900][gc,marking   ] GC(1) Concurrent Mark From Roots
[2023-05-17T18:20:36.195+0900][gc,task      ] GC(1) Using 2 workers of 2 for marking
[2023-05-17T18:20:36.195+0900][gc,marking   ] GC(1) Concurrent Mark From Roots 0.139ms
[2023-05-17T18:20:36.195+0900][gc,marking   ] GC(1) Concurrent Preclean
[2023-05-17T18:20:36.195+0900][gc,marking   ] GC(1) Concurrent Preclean 0.020ms
[2023-05-17T18:20:36.195+0900][gc,marking   ] GC(1) Concurrent Mark (0.787s, 0.787s) 0.182ms
[2023-05-17T18:20:36.195+0900][gc,start     ] GC(1) Pause Remark
[2023-05-17T18:20:36.197+0900][gc,stringtable] GC(1) Cleaned string and symbol table, strings: 7375 processed, 0 removed, symbols: 64973 processed, 31 removed
[2023-05-17T18:20:36.197+0900][gc            ] GC(1) Pause Remark 7M->7M(1024M) 1.381ms
[2023-05-17T18:20:36.197+0900][gc,cpu        ] GC(1) User=0.01s Sys=0.00s Real=0.00s
[2023-05-17T18:20:36.197+0900][gc,marking    ] GC(1) Concurrent Rebuild Remembered Sets
[2023-05-17T18:20:36.197+0900][gc,marking    ] GC(1) Concurrent Rebuild Remembered Sets 0.034ms
[2023-05-17T18:20:36.197+0900][gc,start      ] GC(1) Pause Cleanup
[2023-05-17T18:20:36.197+0900][gc            ] GC(1) Pause Cleanup 7M->7M(1024M) 0.092ms
[2023-05-17T18:20:36.197+0900][gc,cpu        ] GC(1) User=0.00s Sys=0.00s Real=0.00s
[2023-05-17T18:20:36.197+0900][gc,marking    ] GC(1) Concurrent Cleanup for Next Mark
[2023-05-17T18:20:36.199+0900][gc,marking    ] GC(1) Concurrent Cleanup for Next Mark 1.703ms
[2023-05-17T18:20:36.199+0900][gc            ] GC(1) Concurrent Cycle 5.338ms
[2023-05-17T18:20:36.858+0900][gc,start      ] GC(2) Pause Young (Normal) (G1 Evacuation Pause)
[2023-05-17T18:20:36.858+0900][gc,task       ] GC(2) Using 8 workers of 8 for evacuation
[2023-05-17T18:20:36.865+0900][gc,phases     ] GC(2)   Pre Evacuate Collection Set: 0.0ms
[2023-05-17T18:20:36.865+0900][gc,phases     ] GC(2)   Evacuate Collection Set: 6.8ms
[2023-05-17T18:20:36.865+0900][gc,phases     ] GC(2)   Post Evacuate Collection Set: 0.4ms
[2023-05-17T18:20:36.865+0900][gc,phases     ] GC(2)   Other: 0.1ms
[2023-05-17T18:20:36.865+0900][gc,heap       ] GC(2) Eden regions: 44->0(49)
[2023-05-17T18:20:36.866+0900][gc,heap       ] GC(2) Survivor regions: 7->2(7)
[2023-05-17T18:20:36.866+0900][gc,heap       ] GC(2) Old regions: 0->7
[2023-05-17T18:20:36.866+0900][gc,heap       ] GC(2) Humongous regions: 129->129
[2023-05-17T18:20:36.866+0900][gc,metaspace  ] GC(2) Metaspace: 29052K(29824K)->29052K(29824K) NonClass: 25672K(26112K)->25672K(26112K) Class: 3379K(3712K)->3379K(3712K)
[2023-05-17T18:20:36.866+0900][gc            ] GC(2) Pause Young (Normal) (G1 Evacuation Pause) 179M->137M(1024M) 7.501ms
[2023-05-17T18:20:36.866+0900][gc,cpu        ] GC(2) User=0.03s Sys=0.01s Real=0.01s
[2023-05-17T18:20:37.267+0900][gc,start      ] GC(3) Pause Young (Concurrent Start) (Metadata GC Threshold)
[2023-05-17T18:20:37.267+0900][gc,task       ] GC(3) Using 8 workers of 8 for evacuation
[2023-05-17T18:20:37.270+0900][gc,phases     ] GC(3)   Pre Evacuate Collection Set: 0.0ms
[2023-05-17T18:20:37.270+0900][gc,phases     ] GC(3)   Evacuate Collection Set: 2.7ms
[2023-05-17T18:20:37.270+0900][gc,phases     ] GC(3)   Post Evacuate Collection Set: 0.2ms
[2023-05-17T18:20:37.270+0900][gc,phases     ] GC(3)   Other: 0.3ms
[2023-05-17T18:20:37.270+0900][gc,heap       ] GC(3) Eden regions: 33->0(47)
[2023-05-17T18:20:37.270+0900][gc,heap       ] GC(3) Survivor regions: 2->4(7)
[2023-05-17T18:20:37.270+0900][gc,heap       ] GC(3) Old regions: 7->7
[2023-05-17T18:20:37.270+0900][gc,heap       ] GC(3) Humongous regions: 129->129
[2023-05-17T18:20:37.270+0900][gc,metaspace  ] GC(3) Metaspace: 34851K(35840K)->34851K(35840K) NonClass: 30939K(31488K)->30939K(31488K) Class: 3912K(4352K)->3912K(4352K)
[2023-05-17T18:20:37.270+0900][gc            ] GC(3) Pause Young (Concurrent Start) (Metadata GC Threshold) 170M->139M(1024M) 3.294ms
[2023-05-17T18:20:37.270+0900][gc,cpu        ] GC(3) User=0.01s Sys=0.00s Real=0.01s
[2023-05-17T18:20:37.270+0900][gc            ] GC(4) Concurrent Cycle
[2023-05-17T18:20:37.271+0900][gc,marking    ] GC(4) Concurrent Clear Claimed Marks
[2023-05-17T18:20:37.271+0900][gc,marking    ] GC(4) Concurrent Clear Claimed Marks 0.026ms
[2023-05-17T18:20:37.271+0900][gc,marking    ] GC(4) Concurrent Scan Root Regions
[2023-05-17T18:20:37.272+0900][gc,marking    ] GC(4) Concurrent Scan Root Regions 1.702ms
[2023-05-17T18:20:37.272+0900][gc,marking    ] GC(4) Concurrent Mark (1.864s)
[2023-05-17T18:20:37.272+0900][gc,marking    ] GC(4) Concurrent Mark From Roots
[2023-05-17T18:20:37.272+0900][gc,task       ] GC(4) Using 2 workers of 2 for marking
[2023-05-17T18:20:37.279+0900][gc,marking    ] GC(4) Concurrent Mark From Roots 6.361ms
[2023-05-17T18:20:37.279+0900][gc,marking    ] GC(4) Concurrent Preclean
[2023-05-17T18:20:37.279+0900][gc,marking    ] GC(4) Concurrent Preclean 0.087ms
[2023-05-17T18:20:37.279+0900][gc,marking    ] GC(4) Concurrent Mark (1.864s, 1.871s) 6.534ms
[2023-05-17T18:20:37.279+0900][gc,start      ] GC(4) Pause Remark
[2023-05-17T18:20:37.281+0900][gc,stringtable] GC(4) Cleaned string and symbol table, strings: 11493 processed, 11 removed, symbols: 97085 processed, 25 removed
[2023-05-17T18:20:37.281+0900][gc            ] GC(4) Pause Remark 139M->139M(1024M) 2.192ms
[2023-05-17T18:20:37.281+0900][gc,cpu        ] GC(4) User=0.01s Sys=0.00s Real=0.01s
[2023-05-17T18:20:37.281+0900][gc,marking    ] GC(4) Concurrent Rebuild Remembered Sets
[2023-05-17T18:20:37.286+0900][gc,marking    ] GC(4) Concurrent Rebuild Remembered Sets 4.816ms
[2023-05-17T18:20:37.286+0900][gc,start      ] GC(4) Pause Cleanup
[2023-05-17T18:20:37.286+0900][gc            ] GC(4) Pause Cleanup 140M->140M(1024M) 0.132ms
[2023-05-17T18:20:37.286+0900][gc,cpu        ] GC(4) User=0.00s Sys=0.00s Real=0.00s
[2023-05-17T18:20:37.286+0900][gc,marking    ] GC(4) Concurrent Cleanup for Next Mark
[2023-05-17T18:20:37.289+0900][gc,marking    ] GC(4) Concurrent Cleanup for Next Mark 2.489ms
[2023-05-17T18:20:37.289+0900][gc            ] GC(4) Concurrent Cycle 18.467ms
[2023-05-17T18:20:41.265+0900][gc,start      ] GC(5) Pause Young (Normal) (G1 Evacuation Pause)
[2023-05-17T18:20:41.265+0900][gc,task       ] GC(5) Using 8 workers of 8 for evacuation
[2023-05-17T18:20:41.269+0900][gc,phases     ] GC(5)   Pre Evacuate Collection Set: 0.1ms
[2023-05-17T18:20:41.269+0900][gc,phases     ] GC(5)   Evacuate Collection Set: 2.8ms
[2023-05-17T18:20:41.269+0900][gc,phases     ] GC(5)   Post Evacuate Collection Set: 0.3ms
[2023-05-17T18:20:41.269+0900][gc,phases     ] GC(5)   Other: 0.2ms
[2023-05-17T18:20:41.269+0900][gc,heap       ] GC(5) Eden regions: 47->0(44)
[2023-05-17T18:20:41.269+0900][gc,heap       ] GC(5) Survivor regions: 4->7(7)
[2023-05-17T18:20:41.269+0900][gc,heap       ] GC(5) Old regions: 7->7
[2023-05-17T18:20:41.269+0900][gc,heap       ] GC(5) Humongous regions: 129->129
[2023-05-17T18:20:41.269+0900][gc,metaspace  ] GC(5) Metaspace: 42743K(44160K)->42743K(44160K) NonClass: 37893K(38656K)->37893K(38656K) Class: 4850K(5504K)->4850K(5504K)
[2023-05-17T18:20:41.269+0900][gc            ] GC(5) Pause Young (Normal) (G1 Evacuation Pause) 186M->142M(1024M) 3.334ms
[2023-05-17T18:20:41.269+0900][gc,cpu        ] GC(5) User=0.02s Sys=0.00s Real=0.00s
[2023-05-17T18:21:57.605+0900][gc,start      ] GC(6) Pause Young (Normal) (G1 Evacuation Pause)
[2023-05-17T18:21:57.605+0900][gc,task       ] GC(6) Using 8 workers of 8 for evacuation
[2023-05-17T18:21:57.618+0900][gc,phases     ] GC(6)   Pre Evacuate Collection Set: 0.2ms
[2023-05-17T18:21:57.618+0900][gc,phases     ] GC(6)   Evacuate Collection Set: 11.6ms
[2023-05-17T18:21:57.618+0900][gc,phases     ] GC(6)   Post Evacuate Collection Set: 0.7ms
[2023-05-17T18:21:57.618+0900][gc,phases     ] GC(6)   Other: 0.7ms
[2023-05-17T18:21:57.618+0900][gc,heap       ] GC(6) Eden regions: 44->0(47)
[2023-05-17T18:21:57.618+0900][gc,heap       ] GC(6) Survivor regions: 7->4(7)
[2023-05-17T18:21:57.618+0900][gc,heap       ] GC(6) Old regions: 7->10
[2023-05-17T18:21:57.618+0900][gc,heap       ] GC(6) Humongous regions: 129->129
[2023-05-17T18:21:57.618+0900][gc,metaspace  ] GC(6) Metaspace: 43716K(45312K)->43716K(45312K) NonClass: 38792K(39680K)->38792K(39680K) Class: 4923K(5632K)->4923K(5632K)
[2023-05-17T18:21:57.618+0900][gc            ] GC(6) Pause Young (Normal) (G1 Evacuation Pause) 186M->142M(1024M) 13.301ms
[2023-05-17T18:21:57.618+0900][gc,cpu        ] GC(6) User=0.03s Sys=0.01s Real=0.01s
[2023-05-17T18:23:27.905+0900][gc,start      ] GC(7) Pause Young (Normal) (G1 Evacuation Pause)
[2023-05-17T18:23:27.905+0900][gc,task       ] GC(7) Using 8 workers of 8 for evacuation
[2023-05-17T18:23:27.914+0900][gc,phases     ] GC(7)   Pre Evacuate Collection Set: 0.5ms
[2023-05-17T18:23:27.914+0900][gc,phases     ] GC(7)   Evacuate Collection Set: 7.5ms
[2023-05-17T18:23:27.914+0900][gc,phases     ] GC(7)   Post Evacuate Collection Set: 0.6ms
[2023-05-17T18:23:27.915+0900][gc,phases     ] GC(7)   Other: 1.1ms
[2023-05-17T18:23:27.915+0900][gc,heap       ] GC(7) Eden regions: 47->0(47)
[2023-05-17T18:23:27.915+0900][gc,heap       ] GC(7) Survivor regions: 4->4(7)
[2023-05-17T18:23:27.915+0900][gc,heap       ] GC(7) Old regions: 10->10
[2023-05-17T18:23:27.915+0900][gc,heap       ] GC(7) Humongous regions: 129->129
[2023-05-17T18:23:27.915+0900][gc,metaspace  ] GC(7) Metaspace: 43806K(45312K)->43806K(45312K) NonClass: 38883K(39680K)->38883K(39680K) Class: 4923K(5632K)->4923K(5632K)
[2023-05-17T18:23:27.915+0900][gc            ] GC(7) Pause Young (Normal) (G1 Evacuation Pause) 189M->142M(1024M) 9.825ms
[2023-05-17T18:23:27.915+0900][gc,cpu        ] GC(7) User=0.02s Sys=0.02s Real=0.01s
[2023-05-17T18:25:01.880+0900][gc,start      ] GC(8) Pause Young (Normal) (G1 Evacuation Pause)
[2023-05-17T18:25:01.881+0900][gc,task       ] GC(8) Using 8 workers of 8 for evacuation
[2023-05-17T18:25:01.888+0900][gc,phases     ] GC(8)   Pre Evacuate Collection Set: 0.3ms
[2023-05-17T18:25:01.888+0900][gc,phases     ] GC(8)   Evacuate Collection Set: 6.1ms
[2023-05-17T18:25:01.888+0900][gc,phases     ] GC(8)   Post Evacuate Collection Set: 0.5ms
[2023-05-17T18:25:01.888+0900][gc,phases     ] GC(8)   Other: 1.4ms
[2023-05-17T18:25:01.888+0900][gc,heap       ] GC(8) Eden regions: 47->0(47)
[2023-05-17T18:25:01.888+0900][gc,heap       ] GC(8) Survivor regions: 4->4(7)
[2023-05-17T18:25:01.888+0900][gc,heap       ] GC(8) Old regions: 10->10
[2023-05-17T18:25:01.888+0900][gc,heap       ] GC(8) Humongous regions: 129->129
[2023-05-17T18:25:01.888+0900][gc,metaspace  ] GC(8) Metaspace: 43815K(45312K)->43815K(45312K) NonClass: 38891K(39680K)->38891K(39680K) Class: 4923K(5632K)->4923K(5632K)
[2023-05-17T18:25:01.889+0900][gc            ] GC(8) Pause Young (Normal) (G1 Evacuation Pause) 189M->142M(1024M) 8.533ms
[2023-05-17T18:25:01.889+0900][gc,cpu        ] GC(8) User=0.01s Sys=0.01s Real=0.00s
[2023-05-17T18:26:39.092+0900][gc,start      ] GC(9) Pause Young (Normal) (G1 Evacuation Pause)
[2023-05-17T18:26:39.093+0900][gc,task       ] GC(9) Using 8 workers of 8 for evacuation
[2023-05-17T18:26:39.103+0900][gc,phases     ] GC(9)   Pre Evacuate Collection Set: 0.3ms
[2023-05-17T18:26:39.103+0900][gc,phases     ] GC(9)   Evacuate Collection Set: 8.7ms
[2023-05-17T18:26:39.103+0900][gc,phases     ] GC(9)   Post Evacuate Collection Set: 0.5ms
[2023-05-17T18:26:39.103+0900][gc,phases     ] GC(9)   Other: 1.4ms
[2023-05-17T18:26:39.103+0900][gc,heap       ] GC(9) Eden regions: 47->0(48)
[2023-05-17T18:26:39.103+0900][gc,heap       ] GC(9) Survivor regions: 4->4(7)
[2023-05-17T18:26:39.103+0900][gc,heap       ] GC(9) Old regions: 10->10
[2023-05-17T18:26:39.103+0900][gc,heap       ] GC(9) Humongous regions: 129->129
[2023-05-17T18:26:39.103+0900][gc,metaspace  ] GC(9) Metaspace: 43820K(45312K)->43820K(45312K) NonClass: 38896K(39680K)->38896K(39680K) Class: 4923K(5632K)->4923K(5632K)
[2023-05-17T18:26:39.103+0900][gc            ] GC(9) Pause Young (Normal) (G1 Evacuation Pause) 189M->142M(1024M) 10.998ms
[2023-05-17T18:26:39.103+0900][gc,cpu        ] GC(9) User=0.01s Sys=0.01s Real=0.01s
[2023-05-17T18:28:19.577+0900][gc,start      ] GC(10) Pause Young (Normal) (G1 Evacuation Pause)
[2023-05-17T18:28:19.579+0900][gc,task       ] GC(10) Using 8 workers of 8 for evacuation
[2023-05-17T18:28:19.588+0900][gc,phases     ] GC(10)   Pre Evacuate Collection Set: 0.6ms
[2023-05-17T18:28:19.588+0900][gc,phases     ] GC(10)   Evacuate Collection Set: 8.1ms
[2023-05-17T18:28:19.588+0900][gc,phases     ] GC(10)   Post Evacuate Collection Set: 0.5ms
[2023-05-17T18:28:19.588+0900][gc,phases     ] GC(10)   Other: 2.0ms
[2023-05-17T18:28:19.588+0900][gc,heap       ] GC(10) Eden regions: 48->0(52)
[2023-05-17T18:28:19.588+0900][gc,heap       ] GC(10) Survivor regions: 4->4(7)
[2023-05-17T18:28:19.588+0900][gc,heap       ] GC(10) Old regions: 10->10
[2023-05-17T18:28:19.588+0900][gc,heap       ] GC(10) Humongous regions: 129->129
[2023-05-17T18:28:19.588+0900][gc,metaspace  ] GC(10) Metaspace: 43823K(45312K)->43823K(45312K) NonClass: 38899K(39680K)->38899K(39680K) Class: 4923K(5632K)->4923K(5632K)
[2023-05-17T18:28:19.589+0900][gc            ] GC(10) Pause Young (Normal) (G1 Evacuation Pause) 190M->142M(1024M) 11.281ms
[2023-05-17T18:28:19.589+0900][gc,cpu        ] GC(10) User=0.02s Sys=0.02s Real=0.01s
[2023-05-17T18:30:07.902+0900][gc,start      ] GC(11) Pause Young (Normal) (G1 Evacuation Pause)
[2023-05-17T18:30:07.904+0900][gc,task       ] GC(11) Using 8 workers of 8 for evacuation
[2023-05-17T18:30:07.916+0900][gc,phases     ] GC(11)   Pre Evacuate Collection Set: 0.5ms
[2023-05-17T18:30:07.916+0900][gc,phases     ] GC(11)   Evacuate Collection Set: 11.2ms
[2023-05-17T18:30:07.916+0900][gc,phases     ] GC(11)   Post Evacuate Collection Set: 0.6ms
[2023-05-17T18:30:07.916+0900][gc,phases     ] GC(11)   Other: 1.5ms
[2023-05-17T18:30:07.916+0900][gc,heap       ] GC(11) Eden regions: 52->0(56)
[2023-05-17T18:30:07.916+0900][gc,heap       ] GC(11) Survivor regions: 4->4(7)
[2023-05-17T18:30:07.916+0900][gc,heap       ] GC(11) Old regions: 10->10
[2023-05-17T18:30:07.916+0900][gc,heap       ] GC(11) Humongous regions: 129->129
[2023-05-17T18:30:07.917+0900][gc,metaspace  ] GC(11) Metaspace: 43824K(45312K)->43824K(45312K) NonClass: 38901K(39680K)->38901K(39680K) Class: 4923K(5632K)->4923K(5632K)
[2023-05-17T18:30:07.917+0900][gc            ] GC(11) Pause Young (Normal) (G1 Evacuation Pause) 194M->142M(1024M) 14.088ms
[2023-05-17T18:30:07.917+0900][gc,cpu        ] GC(11) User=0.03s Sys=0.01s Real=0.01s
[2023-05-17T18:32:06.791+0900][gc,start      ] GC(12) Pause Young (Normal) (G1 Evacuation Pause)
[2023-05-17T18:32:06.792+0900][gc,task       ] GC(12) Using 8 workers of 8 for evacuation
[2023-05-17T18:32:06.802+0900][gc,phases     ] GC(12)   Pre Evacuate Collection Set: 0.4ms
[2023-05-17T18:32:06.802+0900][gc,phases     ] GC(12)   Evacuate Collection Set: 8.3ms
[2023-05-17T18:32:06.802+0900][gc,phases     ] GC(12)   Post Evacuate Collection Set: 1.1ms
[2023-05-17T18:32:06.803+0900][gc,phases     ] GC(12)   Other: 3.1ms
[2023-05-17T18:32:06.803+0900][gc,heap       ] GC(12) Eden regions: 56->0(60)
[2023-05-17T18:32:06.803+0900][gc,heap       ] GC(12) Survivor regions: 4->4(8)
[2023-05-17T18:32:06.803+0900][gc,heap       ] GC(12) Old regions: 10->10
[2023-05-17T18:32:06.803+0900][gc,heap       ] GC(12) Humongous regions: 129->129
[2023-05-17T18:32:06.803+0900][gc,metaspace  ] GC(12) Metaspace: 43827K(45312K)->43827K(45312K) NonClass: 38903K(39680K)->38903K(39680K) Class: 4924K(5632K)->4924K(5632K)
[2023-05-17T18:32:06.803+0900][gc            ] GC(12) Pause Young (Normal) (G1 Evacuation Pause) 198M->142M(1024M) 11.815ms
[2023-05-17T18:32:06.803+0900][gc,cpu        ] GC(12) User=0.01s Sys=0.01s Real=0.01s
[2023-05-17T18:32:57.657+0900][gc,heap,exit  ] Heap
[2023-05-17T18:32:57.658+0900][gc,heap,exit  ]  garbage-first heap   total 1048576K, used 179742K [0x0000000780000000, 0x00000007c0000000)
[2023-05-17T18:32:57.658+0900][gc,heap,exit  ]   region size 1024K, 38 young (38912K), 4 survivors (4096K)
[2023-05-17T18:32:57.658+0900][gc,heap,exit  ]  Metaspace       used 44561K, capacity 46120K, committed 46336K, reserved 1089536K
[2023-05-17T18:32:57.658+0900][gc,heap,exit  ]   class space    used 5110K, capacity 5837K, committed 5888K, reserved 1048576K
