[2023-05-17T19:16:02.326+0900][gc,heap] Heap region size: 1M
[2023-05-17T19:16:02.328+0900][gc     ] Using G1
[2023-05-17T19:16:02.328+0900][gc,heap,coops] Heap address: 0x0000000780000000, size: 1024 MB, Compressed Oops mode: Zero based, Oop shift amount: 3
[2023-05-17T19:16:03.149+0900][gc,start     ] GC(0) Pause Young (Concurrent Start) (Metadata GC Threshold)
[2023-05-17T19:16:03.149+0900][gc,task      ] GC(0) Using 8 workers of 8 for evacuation
[2023-05-17T19:16:03.155+0900][gc,phases    ] GC(0)   Pre Evacuate Collection Set: 0.0ms
[2023-05-17T19:16:03.155+0900][gc,phases    ] GC(0)   Evacuate Collection Set: 5.2ms
[2023-05-17T19:16:03.155+0900][gc,phases    ] GC(0)   Post Evacuate Collection Set: 0.3ms
[2023-05-17T19:16:03.155+0900][gc,phases    ] GC(0)   Other: 0.5ms
[2023-05-17T19:16:03.155+0900][gc,heap      ] GC(0) Eden regions: 48->0(44)
[2023-05-17T19:16:03.155+0900][gc,heap      ] GC(0) Survivor regions: 0->7(7)
[2023-05-17T19:16:03.155+0900][gc,heap      ] GC(0) Old regions: 0->0
[2023-05-17T19:16:03.155+0900][gc,heap      ] GC(0) Humongous regions: 0->0
[2023-05-17T19:16:03.155+0900][gc,metaspace ] GC(0) Metaspace: 20693K(21248K)->20693K(21248K) NonClass: 18404K(18688K)->18404K(18688K) Class: 2288K(2560K)->2288K(2560K)
[2023-05-17T19:16:03.155+0900][gc           ] GC(0) Pause Young (Concurrent Start) (Metadata GC Threshold) 47M->6M(1024M) 6.129ms
[2023-05-17T19:16:03.155+0900][gc,cpu       ] GC(0) User=0.01s Sys=0.00s Real=0.01s
[2023-05-17T19:16:03.155+0900][gc           ] GC(1) Concurrent Cycle
[2023-05-17T19:16:03.155+0900][gc,marking   ] GC(1) Concurrent Clear Claimed Marks
[2023-05-17T19:16:03.155+0900][gc,marking   ] GC(1) Concurrent Clear Claimed Marks 0.021ms
[2023-05-17T19:16:03.155+0900][gc,marking   ] GC(1) Concurrent Scan Root Regions
[2023-05-17T19:16:03.157+0900][gc,marking   ] GC(1) Concurrent Scan Root Regions 1.637ms
[2023-05-17T19:16:03.157+0900][gc,marking   ] GC(1) Concurrent Mark (0.838s)
[2023-05-17T19:16:03.157+0900][gc,marking   ] GC(1) Concurrent Mark From Roots
[2023-05-17T19:16:03.157+0900][gc,task      ] GC(1) Using 2 workers of 2 for marking
[2023-05-17T19:16:03.157+0900][gc,marking   ] GC(1) Concurrent Mark From Roots 0.118ms
[2023-05-17T19:16:03.157+0900][gc,marking   ] GC(1) Concurrent Preclean
[2023-05-17T19:16:03.157+0900][gc,marking   ] GC(1) Concurrent Preclean 0.021ms
[2023-05-17T19:16:03.157+0900][gc,marking   ] GC(1) Concurrent Mark (0.838s, 0.838s) 0.167ms
[2023-05-17T19:16:03.157+0900][gc,start     ] GC(1) Pause Remark
[2023-05-17T19:16:03.159+0900][gc,stringtable] GC(1) Cleaned string and symbol table, strings: 7399 processed, 0 removed, symbols: 64974 processed, 30 removed
[2023-05-17T19:16:03.159+0900][gc            ] GC(1) Pause Remark 7M->7M(1024M) 1.526ms
[2023-05-17T19:16:03.159+0900][gc,cpu        ] GC(1) User=0.00s Sys=0.00s Real=0.00s
[2023-05-17T19:16:03.159+0900][gc,marking    ] GC(1) Concurrent Rebuild Remembered Sets
[2023-05-17T19:16:03.159+0900][gc,marking    ] GC(1) Concurrent Rebuild Remembered Sets 0.042ms
[2023-05-17T19:16:03.159+0900][gc,start      ] GC(1) Pause Cleanup
[2023-05-17T19:16:03.159+0900][gc            ] GC(1) Pause Cleanup 7M->7M(1024M) 0.108ms
[2023-05-17T19:16:03.159+0900][gc,cpu        ] GC(1) User=0.00s Sys=0.00s Real=0.00s
[2023-05-17T19:16:03.159+0900][gc,marking    ] GC(1) Concurrent Cleanup for Next Mark
[2023-05-17T19:16:03.161+0900][gc,marking    ] GC(1) Concurrent Cleanup for Next Mark 1.720ms
[2023-05-17T19:16:03.161+0900][gc            ] GC(1) Concurrent Cycle 5.578ms
[2023-05-17T19:16:03.730+0900][gc,start      ] GC(2) Pause Young (Normal) (G1 Evacuation Pause)
[2023-05-17T19:16:03.730+0900][gc,task       ] GC(2) Using 8 workers of 8 for evacuation
[2023-05-17T19:16:03.735+0900][gc,phases     ] GC(2)   Pre Evacuate Collection Set: 0.0ms
[2023-05-17T19:16:03.735+0900][gc,phases     ] GC(2)   Evacuate Collection Set: 4.9ms
[2023-05-17T19:16:03.735+0900][gc,phases     ] GC(2)   Post Evacuate Collection Set: 0.3ms
[2023-05-17T19:16:03.735+0900][gc,phases     ] GC(2)   Other: 0.1ms
[2023-05-17T19:16:03.735+0900][gc,heap       ] GC(2) Eden regions: 44->0(49)
[2023-05-17T19:16:03.735+0900][gc,heap       ] GC(2) Survivor regions: 7->2(7)
[2023-05-17T19:16:03.735+0900][gc,heap       ] GC(2) Old regions: 0->7
[2023-05-17T19:16:03.735+0900][gc,heap       ] GC(2) Humongous regions: 129->129
[2023-05-17T19:16:03.735+0900][gc,metaspace  ] GC(2) Metaspace: 29087K(29952K)->29087K(29952K) NonClass: 25703K(26112K)->25703K(26112K) Class: 3384K(3840K)->3384K(3840K)
[2023-05-17T19:16:03.736+0900][gc            ] GC(2) Pause Young (Normal) (G1 Evacuation Pause) 179M->137M(1024M) 5.483ms
[2023-05-17T19:16:03.736+0900][gc,cpu        ] GC(2) User=0.04s Sys=0.01s Real=0.00s
[2023-05-17T19:16:04.012+0900][gc,start      ] GC(3) Pause Young (Concurrent Start) (Metadata GC Threshold)
[2023-05-17T19:16:04.012+0900][gc,task       ] GC(3) Using 8 workers of 8 for evacuation
[2023-05-17T19:16:04.014+0900][gc,phases     ] GC(3)   Pre Evacuate Collection Set: 0.1ms
[2023-05-17T19:16:04.014+0900][gc,phases     ] GC(3)   Evacuate Collection Set: 1.7ms
[2023-05-17T19:16:04.014+0900][gc,phases     ] GC(3)   Post Evacuate Collection Set: 0.1ms
[2023-05-17T19:16:04.014+0900][gc,phases     ] GC(3)   Other: 0.2ms
[2023-05-17T19:16:04.014+0900][gc,heap       ] GC(3) Eden regions: 32->0(48)
[2023-05-17T19:16:04.014+0900][gc,heap       ] GC(3) Survivor regions: 2->3(7)
[2023-05-17T19:16:04.014+0900][gc,heap       ] GC(3) Old regions: 7->7
[2023-05-17T19:16:04.014+0900][gc,heap       ] GC(3) Humongous regions: 129->129
[2023-05-17T19:16:04.014+0900][gc,metaspace  ] GC(3) Metaspace: 34820K(35840K)->34820K(35840K) NonClass: 30892K(31488K)->30892K(31488K) Class: 3928K(4352K)->3928K(4352K)
[2023-05-17T19:16:04.014+0900][gc            ] GC(3) Pause Young (Concurrent Start) (Metadata GC Threshold) 169M->138M(1024M) 2.087ms
[2023-05-17T19:16:04.014+0900][gc,cpu        ] GC(3) User=0.01s Sys=0.00s Real=0.00s
[2023-05-17T19:16:04.014+0900][gc            ] GC(4) Concurrent Cycle
[2023-05-17T19:16:04.014+0900][gc,marking    ] GC(4) Concurrent Clear Claimed Marks
[2023-05-17T19:16:04.014+0900][gc,marking    ] GC(4) Concurrent Clear Claimed Marks 0.020ms
[2023-05-17T19:16:04.014+0900][gc,marking    ] GC(4) Concurrent Scan Root Regions
[2023-05-17T19:16:04.015+0900][gc,marking    ] GC(4) Concurrent Scan Root Regions 1.333ms
[2023-05-17T19:16:04.015+0900][gc,marking    ] GC(4) Concurrent Mark (1.696s)
[2023-05-17T19:16:04.015+0900][gc,marking    ] GC(4) Concurrent Mark From Roots
[2023-05-17T19:16:04.015+0900][gc,task       ] GC(4) Using 2 workers of 2 for marking
[2023-05-17T19:16:04.019+0900][gc,marking    ] GC(4) Concurrent Mark From Roots 3.209ms
[2023-05-17T19:16:04.019+0900][gc,marking    ] GC(4) Concurrent Preclean
[2023-05-17T19:16:04.019+0900][gc,marking    ] GC(4) Concurrent Preclean 0.037ms
[2023-05-17T19:16:04.019+0900][gc,marking    ] GC(4) Concurrent Mark (1.696s, 1.699s) 3.291ms
[2023-05-17T19:16:04.019+0900][gc,start      ] GC(4) Pause Remark
[2023-05-17T19:16:04.020+0900][gc,stringtable] GC(4) Cleaned string and symbol table, strings: 11328 processed, 11 removed, symbols: 96828 processed, 22 removed
[2023-05-17T19:16:04.020+0900][gc            ] GC(4) Pause Remark 139M->139M(1024M) 1.302ms
[2023-05-17T19:16:04.020+0900][gc,cpu        ] GC(4) User=0.01s Sys=0.00s Real=0.01s
[2023-05-17T19:16:04.020+0900][gc,marking    ] GC(4) Concurrent Rebuild Remembered Sets
[2023-05-17T19:16:04.023+0900][gc,marking    ] GC(4) Concurrent Rebuild Remembered Sets 3.138ms
[2023-05-17T19:16:04.023+0900][gc,start      ] GC(4) Pause Cleanup
[2023-05-17T19:16:04.023+0900][gc            ] GC(4) Pause Cleanup 139M->139M(1024M) 0.084ms
[2023-05-17T19:16:04.024+0900][gc,cpu        ] GC(4) User=0.00s Sys=0.00s Real=0.00s
[2023-05-17T19:16:04.024+0900][gc,marking    ] GC(4) Concurrent Cleanup for Next Mark
[2023-05-17T19:16:04.025+0900][gc,marking    ] GC(4) Concurrent Cleanup for Next Mark 1.624ms
[2023-05-17T19:16:04.025+0900][gc            ] GC(4) Concurrent Cycle 11.198ms
[2023-05-17T19:16:04.420+0900][gc,start      ] GC(5) Pause Young (Normal) (G1 Evacuation Pause)
[2023-05-17T19:16:04.420+0900][gc,task       ] GC(5) Using 8 workers of 8 for evacuation
[2023-05-17T19:16:04.423+0900][gc,phases     ] GC(5)   Pre Evacuate Collection Set: 0.0ms
[2023-05-17T19:16:04.423+0900][gc,phases     ] GC(5)   Evacuate Collection Set: 2.7ms
[2023-05-17T19:16:04.423+0900][gc,phases     ] GC(5)   Post Evacuate Collection Set: 0.3ms
[2023-05-17T19:16:04.423+0900][gc,phases     ] GC(5)   Other: 0.2ms
[2023-05-17T19:16:04.423+0900][gc,heap       ] GC(5) Eden regions: 48->0(44)
[2023-05-17T19:16:04.423+0900][gc,heap       ] GC(5) Survivor regions: 3->7(7)
[2023-05-17T19:16:04.423+0900][gc,heap       ] GC(5) Old regions: 7->7
[2023-05-17T19:16:04.423+0900][gc,heap       ] GC(5) Humongous regions: 129->129
[2023-05-17T19:16:04.423+0900][gc,metaspace  ] GC(5) Metaspace: 42896K(44544K)->42896K(44544K) NonClass: 37989K(38912K)->37989K(38912K) Class: 4906K(5632K)->4906K(5632K)
[2023-05-17T19:16:04.423+0900][gc            ] GC(5) Pause Young (Normal) (G1 Evacuation Pause) 186M->142M(1024M) 3.258ms
[2023-05-17T19:16:04.423+0900][gc,cpu        ] GC(5) User=0.02s Sys=0.00s Real=0.00s
[2023-05-17T19:18:50.489+0900][gc,start      ] GC(6) Pause Young (Normal) (G1 Evacuation Pause)
[2023-05-17T19:18:50.490+0900][gc,task       ] GC(6) Using 8 workers of 8 for evacuation
[2023-05-17T19:18:50.501+0900][gc,phases     ] GC(6)   Pre Evacuate Collection Set: 0.7ms
[2023-05-17T19:18:50.502+0900][gc,phases     ] GC(6)   Evacuate Collection Set: 10.2ms
[2023-05-17T19:18:50.502+0900][gc,phases     ] GC(6)   Post Evacuate Collection Set: 0.6ms
[2023-05-17T19:18:50.502+0900][gc,phases     ] GC(6)   Other: 0.6ms
[2023-05-17T19:18:50.502+0900][gc,heap       ] GC(6) Eden regions: 44->0(48)
[2023-05-17T19:18:50.502+0900][gc,heap       ] GC(6) Survivor regions: 7->3(7)
[2023-05-17T19:18:50.502+0900][gc,heap       ] GC(6) Old regions: 7->14
[2023-05-17T19:18:50.502+0900][gc,heap       ] GC(6) Humongous regions: 129->129
[2023-05-17T19:18:50.502+0900][gc,metaspace  ] GC(6) Metaspace: 48655K(51328K)->48655K(51328K) NonClass: 42571K(44032K)->42571K(44032K) Class: 6083K(7296K)->6083K(7296K)
[2023-05-17T19:18:50.502+0900][gc            ] GC(6) Pause Young (Normal) (G1 Evacuation Pause) 186M->144M(1024M) 12.257ms
[2023-05-17T19:18:50.502+0900][gc,cpu        ] GC(6) User=0.04s Sys=0.02s Real=0.02s
[2023-05-17T20:23:30.485+0900][gc,start      ] GC(7) Pause Young (Normal) (G1 Evacuation Pause)
[2023-05-17T20:23:30.487+0900][gc,task       ] GC(7) Using 8 workers of 8 for evacuation
[2023-05-17T20:23:30.502+0900][gc,phases     ] GC(7)   Pre Evacuate Collection Set: 0.8ms
[2023-05-17T20:23:30.502+0900][gc,phases     ] GC(7)   Evacuate Collection Set: 11.0ms
[2023-05-17T20:23:30.502+0900][gc,phases     ] GC(7)   Post Evacuate Collection Set: 2.0ms
[2023-05-17T20:23:30.502+0900][gc,phases     ] GC(7)   Other: 4.2ms
[2023-05-17T20:23:30.502+0900][gc,heap       ] GC(7) Eden regions: 48->0(47)
[2023-05-17T20:23:30.502+0900][gc,heap       ] GC(7) Survivor regions: 3->4(7)
[2023-05-17T20:23:30.503+0900][gc,heap       ] GC(7) Old regions: 14->14
[2023-05-17T20:23:30.503+0900][gc,heap       ] GC(7) Humongous regions: 129->129
[2023-05-17T20:23:30.503+0900][gc,metaspace  ] GC(7) Metaspace: 50775K(53760K)->50775K(53760K) NonClass: 44308K(45824K)->44308K(45824K) Class: 6466K(7936K)->6466K(7936K)
[2023-05-17T20:23:30.503+0900][gc            ] GC(7) Pause Young (Normal) (G1 Evacuation Pause) 192M->145M(1024M) 17.610ms
[2023-05-17T20:23:30.503+0900][gc,cpu        ] GC(7) User=0.03s Sys=0.02s Real=0.02s
[2023-05-17T21:16:21.176+0900][gc,start      ] GC(8) Pause Young (Normal) (G1 Evacuation Pause)
[2023-05-17T21:16:21.177+0900][gc,task       ] GC(8) Using 8 workers of 8 for evacuation
[2023-05-17T21:16:21.185+0900][gc,phases     ] GC(8)   Pre Evacuate Collection Set: 0.5ms
[2023-05-17T21:16:21.185+0900][gc,phases     ] GC(8)   Evacuate Collection Set: 5.1ms
[2023-05-17T21:16:21.185+0900][gc,phases     ] GC(8)   Post Evacuate Collection Set: 1.0ms
[2023-05-17T21:16:21.185+0900][gc,phases     ] GC(8)   Other: 2.7ms
[2023-05-17T21:16:21.185+0900][gc,heap       ] GC(8) Eden regions: 47->0(47)
[2023-05-17T21:16:21.185+0900][gc,heap       ] GC(8) Survivor regions: 4->4(7)
[2023-05-17T21:16:21.185+0900][gc,heap       ] GC(8) Old regions: 14->14
[2023-05-17T21:16:21.185+0900][gc,heap       ] GC(8) Humongous regions: 129->129
[2023-05-17T21:16:21.185+0900][gc,metaspace  ] GC(8) Metaspace: 51022K(54016K)->51022K(54016K) NonClass: 44550K(46080K)->44550K(46080K) Class: 6472K(7936K)->6472K(7936K)
[2023-05-17T21:16:21.185+0900][gc            ] GC(8) Pause Young (Normal) (G1 Evacuation Pause) 192M->145M(1024M) 8.508ms
[2023-05-17T21:16:21.185+0900][gc,cpu        ] GC(8) User=0.02s Sys=0.02s Real=0.01s
[2023-05-17T21:52:31.107+0900][gc,start      ] GC(9) Pause Young (Normal) (G1 Evacuation Pause)
[2023-05-17T21:52:31.109+0900][gc,task       ] GC(9) Using 8 workers of 8 for evacuation
[2023-05-17T21:52:31.123+0900][gc,phases     ] GC(9)   Pre Evacuate Collection Set: 0.9ms
[2023-05-17T21:52:31.123+0900][gc,phases     ] GC(9)   Evacuate Collection Set: 10.1ms
[2023-05-17T21:52:31.123+0900][gc,phases     ] GC(9)   Post Evacuate Collection Set: 2.1ms
[2023-05-17T21:52:31.123+0900][gc,phases     ] GC(9)   Other: 4.3ms
[2023-05-17T21:52:31.123+0900][gc,heap       ] GC(9) Eden regions: 47->0(47)
[2023-05-17T21:52:31.123+0900][gc,heap       ] GC(9) Survivor regions: 4->4(7)
[2023-05-17T21:52:31.123+0900][gc,heap       ] GC(9) Old regions: 14->14
[2023-05-17T21:52:31.123+0900][gc,heap       ] GC(9) Humongous regions: 129->129
[2023-05-17T21:52:31.123+0900][gc,metaspace  ] GC(9) Metaspace: 51067K(54016K)->51067K(54016K) NonClass: 44594K(46080K)->44594K(46080K) Class: 6472K(7936K)->6472K(7936K)
[2023-05-17T21:52:31.123+0900][gc            ] GC(9) Pause Young (Normal) (G1 Evacuation Pause) 192M->145M(1024M) 16.790ms
[2023-05-17T21:52:31.124+0900][gc,cpu        ] GC(9) User=0.02s Sys=0.02s Real=0.02s
[2023-05-17T22:28:46.038+0900][gc,start      ] GC(10) Pause Young (Normal) (G1 Evacuation Pause)
[2023-05-17T22:28:46.040+0900][gc,task       ] GC(10) Using 8 workers of 8 for evacuation
[2023-05-17T22:28:46.058+0900][gc,phases     ] GC(10)   Pre Evacuate Collection Set: 1.5ms
[2023-05-17T22:28:46.058+0900][gc,phases     ] GC(10)   Evacuate Collection Set: 12.3ms
[2023-05-17T22:28:46.058+0900][gc,phases     ] GC(10)   Post Evacuate Collection Set: 2.7ms
[2023-05-17T22:28:46.058+0900][gc,phases     ] GC(10)   Other: 4.2ms
[2023-05-17T22:28:46.058+0900][gc,heap       ] GC(10) Eden regions: 47->0(48)
[2023-05-17T22:28:46.058+0900][gc,heap       ] GC(10) Survivor regions: 4->4(7)
[2023-05-17T22:28:46.058+0900][gc,heap       ] GC(10) Old regions: 14->14
[2023-05-17T22:28:46.058+0900][gc,heap       ] GC(10) Humongous regions: 129->129
[2023-05-17T22:28:46.058+0900][gc,metaspace  ] GC(10) Metaspace: 51092K(54016K)->51092K(54016K) NonClass: 44620K(46080K)->44620K(46080K) Class: 6472K(7936K)->6472K(7936K)
[2023-05-17T22:28:46.058+0900][gc            ] GC(10) Pause Young (Normal) (G1 Evacuation Pause) 192M->145M(1024M) 19.675ms
[2023-05-17T22:28:46.058+0900][gc,cpu        ] GC(10) User=0.02s Sys=0.01s Real=0.02s
[2023-05-17T23:10:52.007+0900][gc,start      ] GC(11) Pause Young (Normal) (G1 Evacuation Pause)
[2023-05-17T23:10:52.008+0900][gc,task       ] GC(11) Using 8 workers of 8 for evacuation
[2023-05-17T23:10:52.023+0900][gc,phases     ] GC(11)   Pre Evacuate Collection Set: 0.8ms
[2023-05-17T23:10:52.023+0900][gc,phases     ] GC(11)   Evacuate Collection Set: 10.9ms
[2023-05-17T23:10:52.023+0900][gc,phases     ] GC(11)   Post Evacuate Collection Set: 2.0ms
[2023-05-17T23:10:52.023+0900][gc,phases     ] GC(11)   Other: 4.1ms
[2023-05-17T23:10:52.023+0900][gc,heap       ] GC(11) Eden regions: 48->0(53)
[2023-05-17T23:10:52.023+0900][gc,heap       ] GC(11) Survivor regions: 4->4(7)
[2023-05-17T23:10:52.023+0900][gc,heap       ] GC(11) Old regions: 14->14
[2023-05-17T23:10:52.023+0900][gc,heap       ] GC(11) Humongous regions: 129->129
[2023-05-17T23:10:52.023+0900][gc,metaspace  ] GC(11) Metaspace: 51100K(54016K)->51100K(54016K) NonClass: 44628K(46080K)->44628K(46080K) Class: 6472K(7936K)->6472K(7936K)
[2023-05-17T23:10:52.024+0900][gc            ] GC(11) Pause Young (Normal) (G1 Evacuation Pause) 193M->145M(1024M) 16.773ms
[2023-05-17T23:10:52.024+0900][gc,cpu        ] GC(11) User=0.02s Sys=0.02s Real=0.02s
[2023-05-18T10:28:58.906+0900][gc,heap,exit  ] Heap
[2023-05-18T10:28:58.906+0900][gc,heap,exit  ]  garbage-first heap   total 1048576K, used 185738K [0x0000000780000000, 0x00000007c0000000)
[2023-05-18T10:28:58.906+0900][gc,heap,exit  ]   region size 1024K, 42 young (43008K), 4 survivors (4096K)
[2023-05-18T10:28:58.906+0900][gc,heap,exit  ]  Metaspace       used 51877K, capacity 54802K, committed 55040K, reserved 1095680K
[2023-05-18T10:28:58.906+0900][gc,heap,exit  ]   class space    used 6685K, capacity 8150K, committed 8192K, reserved 1048576K
