[2023-05-17T18:19:24.861+0900][gc,heap] Heap region size: 1M
[2023-05-17T18:19:24.864+0900][gc     ] Using G1
[2023-05-17T18:19:24.864+0900][gc,heap,coops] Heap address: 0x0000000780000000, size: 1024 MB, Compressed Oops mode: Zero based, Oop shift amount: 3
[2023-05-17T18:19:25.675+0900][gc,start     ] GC(0) Pause Young (Concurrent Start) (Metadata GC Threshold)
[2023-05-17T18:19:25.676+0900][gc,task      ] GC(0) Using 8 workers of 8 for evacuation
[2023-05-17T18:19:25.683+0900][gc,phases    ] GC(0)   Pre Evacuate Collection Set: 0.0ms
[2023-05-17T18:19:25.683+0900][gc,phases    ] GC(0)   Evacuate Collection Set: 6.7ms
[2023-05-17T18:19:25.683+0900][gc,phases    ] GC(0)   Post Evacuate Collection Set: 0.6ms
[2023-05-17T18:19:25.683+0900][gc,phases    ] GC(0)   Other: 0.6ms
[2023-05-17T18:19:25.683+0900][gc,heap      ] GC(0) Eden regions: 48->0(44)
[2023-05-17T18:19:25.683+0900][gc,heap      ] GC(0) Survivor regions: 0->7(7)
[2023-05-17T18:19:25.683+0900][gc,heap      ] GC(0) Old regions: 0->0
[2023-05-17T18:19:25.683+0900][gc,heap      ] GC(0) Humongous regions: 0->0
[2023-05-17T18:19:25.683+0900][gc,metaspace ] GC(0) Metaspace: 20688K(21248K)->20688K(21248K) NonClass: 18399K(18688K)->18399K(18688K) Class: 2288K(2560K)->2288K(2560K)
[2023-05-17T18:19:25.683+0900][gc           ] GC(0) Pause Young (Concurrent Start) (Metadata GC Threshold) 47M->6M(1024M) 8.102ms
[2023-05-17T18:19:25.683+0900][gc,cpu       ] GC(0) User=0.02s Sys=0.00s Real=0.01s
[2023-05-17T18:19:25.683+0900][gc           ] GC(1) Concurrent Cycle
[2023-05-17T18:19:25.683+0900][gc,marking   ] GC(1) Concurrent Clear Claimed Marks
[2023-05-17T18:19:25.683+0900][gc,marking   ] GC(1) Concurrent Clear Claimed Marks 0.020ms
[2023-05-17T18:19:25.683+0900][gc,marking   ] GC(1) Concurrent Scan Root Regions
[2023-05-17T18:19:25.686+0900][gc,marking   ] GC(1) Concurrent Scan Root Regions 2.321ms
[2023-05-17T18:19:25.686+0900][gc,marking   ] GC(1) Concurrent Mark (0.829s)
[2023-05-17T18:19:25.686+0900][gc,marking   ] GC(1) Concurrent Mark From Roots
[2023-05-17T18:19:25.686+0900][gc,task      ] GC(1) Using 2 workers of 2 for marking
[2023-05-17T18:19:25.686+0900][gc,marking   ] GC(1) Concurrent Mark From Roots 0.140ms
[2023-05-17T18:19:25.686+0900][gc,marking   ] GC(1) Concurrent Preclean
[2023-05-17T18:19:25.686+0900][gc,marking   ] GC(1) Concurrent Preclean 0.023ms
[2023-05-17T18:19:25.686+0900][gc,marking   ] GC(1) Concurrent Mark (0.829s, 0.830s) 0.246ms
[2023-05-17T18:19:25.686+0900][gc,start     ] GC(1) Pause Remark
[2023-05-17T18:19:25.688+0900][gc,stringtable] GC(1) Cleaned string and symbol table, strings: 7369 processed, 0 removed, symbols: 64973 processed, 31 removed
[2023-05-17T18:19:25.688+0900][gc            ] GC(1) Pause Remark 7M->7M(1024M) 1.827ms
[2023-05-17T18:19:25.688+0900][gc,cpu        ] GC(1) User=0.00s Sys=0.00s Real=0.00s
[2023-05-17T18:19:25.688+0900][gc,marking    ] GC(1) Concurrent Rebuild Remembered Sets
[2023-05-17T18:19:25.688+0900][gc,marking    ] GC(1) Concurrent Rebuild Remembered Sets 0.041ms
[2023-05-17T18:19:25.688+0900][gc,start      ] GC(1) Pause Cleanup
[2023-05-17T18:19:25.688+0900][gc            ] GC(1) Pause Cleanup 7M->7M(1024M) 0.115ms
[2023-05-17T18:19:25.688+0900][gc,cpu        ] GC(1) User=0.00s Sys=0.00s Real=0.00s
[2023-05-17T18:19:25.688+0900][gc,marking    ] GC(1) Concurrent Cleanup for Next Mark
[2023-05-17T18:19:25.690+0900][gc,marking    ] GC(1) Concurrent Cleanup for Next Mark 1.970ms
[2023-05-17T18:19:25.690+0900][gc            ] GC(1) Concurrent Cycle 6.886ms
[2023-05-17T18:19:30.294+0900][gc,heap,exit  ] Heap
[2023-05-17T18:19:30.294+0900][gc,heap,exit  ]  garbage-first heap   total 1048576K, used 18196K [0x0000000780000000, 0x00000007c0000000)
[2023-05-17T18:19:30.294+0900][gc,heap,exit  ]   region size 1024K, 19 young (19456K), 7 survivors (7168K)
[2023-05-17T18:19:30.294+0900][gc,heap,exit  ]  Metaspace       used 22294K, capacity 22800K, committed 23040K, reserved 1069056K
[2023-05-17T18:19:30.294+0900][gc,heap,exit  ]   class space    used 2531K, capacity 2759K, committed 2816K, reserved 1048576K
