[2023-05-17T18:07:27.612+0900][gc,heap] Heap region size: 1M
[2023-05-17T18:07:27.614+0900][gc     ] Using G1
[2023-05-17T18:07:27.614+0900][gc,heap,coops] Heap address: 0x00000007a0000000, size: 512 MB, Compressed Oops mode: Zero based, Oop shift amount: 3
[2023-05-17T18:07:28.379+0900][gc,start     ] GC(0) Pause Young (Normal) (G1 Evacuation Pause)
[2023-05-17T18:07:28.379+0900][gc,task      ] GC(0) Using 8 workers of 8 for evacuation
[2023-05-17T18:07:28.383+0900][gc,phases    ] GC(0)   Pre Evacuate Collection Set: 0.1ms
[2023-05-17T18:07:28.383+0900][gc,phases    ] GC(0)   Evacuate Collection Set: 4.0ms
[2023-05-17T18:07:28.383+0900][gc,phases    ] GC(0)   Post Evacuate Collection Set: 0.3ms
[2023-05-17T18:07:28.383+0900][gc,phases    ] GC(0)   Other: 0.5ms
[2023-05-17T18:07:28.383+0900][gc,heap      ] GC(0) Eden regions: 25->0(21)
[2023-05-17T18:07:28.383+0900][gc,heap      ] GC(0) Survivor regions: 0->4(4)
[2023-05-17T18:07:28.383+0900][gc,heap      ] GC(0) Old regions: 0->4
[2023-05-17T18:07:28.383+0900][gc,heap      ] GC(0) Humongous regions: 0->0
[2023-05-17T18:07:28.383+0900][gc,metaspace ] GC(0) Metaspace: 14722K(15232K)->14722K(15232K) NonClass: 13228K(13568K)->13228K(13568K) Class: 1494K(1664K)->1494K(1664K)
[2023-05-17T18:07:28.383+0900][gc           ] GC(0) Pause Young (Normal) (G1 Evacuation Pause) 25M->7M(512M) 4.757ms
[2023-05-17T18:07:28.383+0900][gc,cpu       ] GC(0) User=0.02s Sys=0.00s Real=0.01s
[2023-05-17T18:07:46.234+0900][gc,heap,exit ] Heap
[2023-05-17T18:07:46.234+0900][gc,heap,exit ]  garbage-first heap   total 524288K, used 15414K [0x00000007a0000000, 0x00000007c0000000)
[2023-05-17T18:07:46.234+0900][gc,heap,exit ]   region size 1024K, 13 young (13312K), 4 survivors (4096K)
[2023-05-17T18:07:46.234+0900][gc,heap,exit ]  Metaspace       used 15786K, capacity 16145K, committed 16384K, reserved 1064960K
[2023-05-17T18:07:46.234+0900][gc,heap,exit ]   class space    used 1605K, capacity 1741K, committed 1792K, reserved 1048576K
