[2023-05-17T18:20:31.364+0900][gc,heap] Heap region size: 1M
[2023-05-17T18:20:31.365+0900][gc     ] Using G1
[2023-05-17T18:20:31.365+0900][gc,heap,coops] Heap address: 0x00000007a0000000, size: 512 MB, Compressed Oops mode: Zero based, Oop shift amount: 3
[2023-05-17T18:20:31.896+0900][gc,start     ] GC(0) Pause Young (Normal) (G1 Evacuation Pause)
[2023-05-17T18:20:31.896+0900][gc,task      ] GC(0) Using 8 workers of 8 for evacuation
[2023-05-17T18:20:31.901+0900][gc,phases    ] GC(0)   Pre Evacuate Collection Set: 0.0ms
[2023-05-17T18:20:31.901+0900][gc,phases    ] GC(0)   Evacuate Collection Set: 5.1ms
[2023-05-17T18:20:31.901+0900][gc,phases    ] GC(0)   Post Evacuate Collection Set: 0.3ms
[2023-05-17T18:20:31.902+0900][gc,phases    ] GC(0)   Other: 0.4ms
[2023-05-17T18:20:31.902+0900][gc,heap      ] GC(0) Eden regions: 25->0(21)
[2023-05-17T18:20:31.902+0900][gc,heap      ] GC(0) Survivor regions: 0->4(4)
[2023-05-17T18:20:31.902+0900][gc,heap      ] GC(0) Old regions: 0->4
[2023-05-17T18:20:31.902+0900][gc,heap      ] GC(0) Humongous regions: 0->0
[2023-05-17T18:20:31.902+0900][gc,metaspace ] GC(0) Metaspace: 14700K(15232K)->14700K(15232K) NonClass: 13209K(13568K)->13209K(13568K) Class: 1490K(1664K)->1490K(1664K)
[2023-05-17T18:20:31.902+0900][gc           ] GC(0) Pause Young (Normal) (G1 Evacuation Pause) 25M->7M(512M) 5.969ms
[2023-05-17T18:20:31.902+0900][gc,cpu       ] GC(0) User=0.03s Sys=0.00s Real=0.01s
[2023-05-17T18:32:45.115+0900][gc,heap,exit ] Heap
[2023-05-17T18:32:45.115+0900][gc,heap,exit ]  garbage-first heap   total 524288K, used 20643K [0x00000007a0000000, 0x00000007c0000000)
[2023-05-17T18:32:45.115+0900][gc,heap,exit ]   region size 1024K, 18 young (18432K), 4 survivors (4096K)
[2023-05-17T18:32:45.115+0900][gc,heap,exit ]  Metaspace       used 16580K, capacity 17017K, committed 17280K, reserved 1064960K
[2023-05-17T18:32:45.115+0900][gc,heap,exit ]   class space    used 1680K, capacity 1840K, committed 1920K, reserved 1048576K
